
> epackage-lab-web@0.1.0 build
> next build

   ▲ Next.js 16.0.7 (Turbopack)
   - Environments: .env.local, .env
   - Experiments (use with caution):
     · optimizePackageImports

 ⚠ The "middleware" file convention is deprecated. Please use "proxy" instead. Learn more: https://nextjs.org/docs/messages/middleware-to-proxy
   Creating an optimized production build ...
Turbopack build encountered 1 warnings:
./src/lib/excel
Package @react-pdf/renderer can't be external
The request @react-pdf/renderer matches serverExternalPackages (or the default list).
The package seems invalid. require() resolves to a EcmaScript module, which would result in an error in Node.js.


 ✓ Compiled successfully in 8.9s
   Skipping validation of types
   Collecting page data using 19 workers ...
[Email] Production mode - configuring email service
[Email] XServer SMTP initialized
[Email] Production mode - configuring email service
[Email] XServer SMTP initialized
[Email] Production mode - configuring email service
[Email] XServer SMTP initialized
[Email] Production mode - configuring email service
[Email] Production mode - configuring email service
[Email] XServer SMTP initialized
[Email] XServer SMTP initialized
[AccountDeletionEmail] Configuring email service
[AccountDeletionEmail] SendGrid not configured
[AccountDeletionEmail] No email service configured - using console fallback
[Email] Production mode - configuring email service
[Email] Production mode - configuring email service
[Email] XServer SMTP initialized
[Email] XServer SMTP initialized
[Email] Production mode - configuring email service
[Email] XServer SMTP initialized
[Email] Production mode - configuring email service
[Email] XServer SMTP initialized
[Email] Production mode - configuring email service
 ⚠ Using edge runtime on a page currently disables static generation for that page
[Email] XServer SMTP initialized
   Generating static pages using 19 workers (0/212) ...
[Email] Production mode - configuring email service
[Email] XServer SMTP initialized
[AccountDeletionEmail] Configuring email service
[AccountDeletionEmail] SendGrid not configured
[AccountDeletionEmail] No email service configured - using console fallback
[Email] Production mode - configuring email service
[Email] Production mode - configuring email service
[Email] XServer SMTP initialized
[Email] XServer SMTP initialized
   Generating static pages using 19 workers (53/212) 
   Generating static pages using 19 workers (106/212) 
[Email] Production mode - configuring email service
[Email] XServer SMTP initialized
[Email] Production mode - configuring email service
[Email] XServer SMTP initialized
[Email] Production mode - configuring email service
[Email] XServer SMTP initialized
   Generating static pages using 19 workers (159/212) 
 ✓ Generating static pages using 19 workers (212/212) in 1147.0ms
   Finalizing page optimization ...

Route (app)
┌ ○ /
├ ○ /_not-found
├ ○ /about
├ ○ /admin/approvals
├ ○ /admin/contracts
├ ƒ /admin/contracts/[id]
├ ○ /admin/dashboard
├ ○ /admin/inventory
├ ○ /admin/leads
├ ○ /admin/orders
├ ƒ /admin/orders/[id]
├ ○ /admin/production
├ ƒ /admin/production/[id]
├ ○ /admin/shipments
├ ƒ /admin/shipments/[id]
├ ○ /admin/shipping
├ ƒ /api/admin/approve-member
├ ƒ /api/admin/contracts/[contractId]/download
├ ƒ /api/admin/contracts/[contractId]/send-signature
├ ƒ /api/admin/contracts/request-signature
├ ƒ /api/admin/contracts/send-reminder
├ ƒ /api/admin/contracts/workflow
├ ƒ /api/admin/convert-to-order
├ ƒ /api/admin/dashboard/statistics
├ ƒ /api/admin/delivery/tracking/[orderId]
├ ƒ /api/admin/generate-work-order
├ ƒ /api/admin/inventory/adjust
├ ƒ /api/admin/inventory/history/[productId]
├ ƒ /api/admin/inventory/items
├ ƒ /api/admin/inventory/receipts
├ ƒ /api/admin/inventory/record-entry
├ ƒ /api/admin/inventory/update
├ ƒ /api/admin/notifications
├ ƒ /api/admin/notifications/[id]/read
├ ƒ /api/admin/notifications/unread-count
├ ƒ /api/admin/orders/statistics
├ ƒ /api/admin/performance/metrics
├ ƒ /api/admin/production-jobs/[id]
├ ƒ /api/admin/production/[orderId]
├ ƒ /api/admin/production/jobs
├ ƒ /api/admin/production/jobs/[id]
├ ƒ /api/admin/production/update-status
├ ƒ /api/admin/shipments/[id]/tracking
├ ƒ /api/admin/shipping/deliveries/complete
├ ƒ /api/admin/shipping/shipments
├ ƒ /api/admin/shipping/tracking
├ ƒ /api/admin/shipping/tracking/[id]
├ ƒ /api/admin/users
├ ƒ /api/admin/users/[id]/approve
├ ƒ /api/ai-parser/approve
├ ƒ /api/ai-parser/extract
├ ƒ /api/ai-parser/reprocess
├ ƒ /api/ai-parser/upload
├ ƒ /api/ai-parser/validate
├ ƒ /api/ai/parse
├ ƒ /api/ai/review
├ ƒ /api/ai/specs
├ ƒ /api/analytics/vitals
├ ƒ /api/auth/register
├ ƒ /api/auth/session
├ ƒ /api/auth/signin
├ ƒ /api/auth/signout
├ ƒ /api/auth/verify-email
├ ƒ /api/b2b/admin/approve-user
├ ƒ /api/b2b/admin/pending-users
├ ƒ /api/b2b/admin/reject-user
├ ƒ /api/b2b/ai-extraction/approve
├ ƒ /api/b2b/ai-extraction/status
├ ƒ /api/b2b/ai-extraction/upload
├ ƒ /api/b2b/certificate/generate
├ ƒ /api/b2b/contracts
├ ƒ /api/b2b/contracts/[id]/sign
├ ƒ /api/b2b/contracts/sign
├ ƒ /api/b2b/dashboard/stats
├ ƒ /api/b2b/documents/[id]/download
├ ƒ /api/b2b/files/[id]/extract
├ ƒ /api/b2b/files/upload
├ ƒ /api/b2b/hanko/upload
├ ƒ /api/b2b/invite
├ ƒ /api/b2b/invite/accept
├ ƒ /api/b2b/invoices
├ ƒ /api/b2b/invoices/[id]
├ ƒ /api/b2b/korea/corrections
├ ƒ /api/b2b/korea/corrections/[id]/upload
├ ƒ /api/b2b/korea/send-data
├ ƒ /api/b2b/login
├ ƒ /api/b2b/orders
├ ƒ /api/b2b/orders/[id]/production-logs
├ ƒ /api/b2b/orders/[id]/tracking
├ ƒ /api/b2b/orders/confirm
├ ƒ /api/b2b/products
├ ƒ /api/b2b/quotations
├ ƒ /api/b2b/quotations/[id]
├ ƒ /api/b2b/quotations/[id]/approve
├ ƒ /api/b2b/quotations/[id]/convert-to-order
├ ƒ /api/b2b/quotations/[id]/export
├ ƒ /api/b2b/register
├ ƒ /api/b2b/resend-verification
├ ƒ /api/b2b/samples
├ ƒ /api/b2b/shipments
├ ƒ /api/b2b/spec-sheets/[id]/approve
├ ƒ /api/b2b/spec-sheets/[id]/reject
├ ƒ /api/b2b/spec-sheets/generate
├ ƒ /api/b2b/state-machine/transition
├ ƒ /api/b2b/stock-in
├ ƒ /api/b2b/timestamp/verify
├ ƒ /api/b2b/verify-email
├ ƒ /api/b2b/work-orders
├ ƒ /api/comparison/save
├ ƒ /api/contact
├ ƒ /api/contract/pdf
├ ƒ /api/contract/timestamp
├ ƒ /api/contract/timestamp/validate
├ ƒ /api/contract/workflow/action
├ ƒ /api/customer/dashboard
├ ƒ /api/customer/documents
├ ƒ /api/customer/notifications
├ ƒ /api/customer/orders
├ ƒ /api/customer/orders/[id]
├ ƒ /api/customer/profile
├ ƒ /api/debug/auth
├ ƒ /api/dev/set-admin
├ ƒ /api/download/templates/[category]
├ ƒ /api/download/templates/excel
├ ƒ /api/download/templates/pdf
├ ƒ /api/errors/log
├ ƒ /api/files/validate
├ ƒ /api/member/addresses/billing
├ ƒ /api/member/addresses/billing/[id]
├ ƒ /api/member/addresses/delivery
├ ƒ /api/member/addresses/delivery/[id]
├ ƒ /api/member/delete-account
├ ƒ /api/member/inquiries
├ ƒ /api/member/orders
├ ƒ /api/member/orders/[id]/production-data
├ ƒ /api/member/orders/confirm
├ ƒ /api/member/quotations
├ ƒ /api/member/quotations/[id]
├ ƒ /api/member/quotations/[id]/confirm-payment
├ ƒ /api/member/quotations/[id]/invoice
├ ƒ /api/member/samples
├ ƒ /api/member/settings
├ ƒ /api/notes
├ ƒ /api/notes/[id]
├ ƒ /api/orders/cancel
├ ƒ /api/orders/create
├ ƒ /api/orders/reorder
├ ƒ /api/orders/update
├ ƒ /api/products
├ ƒ /api/products/categories
├ ƒ /api/products/filter
├ ƒ /api/products/search
├ ƒ /api/profile
├ ƒ /api/profile/[id]
├ ƒ /api/quotation
├ ƒ /api/quotation/pdf
├ ƒ /api/quotations
├ ƒ /api/quotations/[id]
├ ƒ /api/quotations/[id]/convert
├ ƒ /api/quotations/[id]/invoice
├ ƒ /api/quotations/list
├ ƒ /api/quotations/save
├ ƒ /api/quotations/submit
├ ƒ /api/quotes/excel
├ ƒ /api/quotes/pdf
├ ƒ /api/quotitions/[id]/confirm-transfer
├ ƒ /api/registry/corporate-number
├ ƒ /api/registry/postal-code
├ ƒ /api/samples
├ ƒ /api/samples/request
├ ƒ /api/settings
├ ƒ /api/shipments
├ ƒ /api/shipments/[id]
├ ƒ /api/shipments/[id]/[trackingId]/update-tracking
├ ƒ /api/shipments/[id]/label
├ ƒ /api/shipments/[id]/schedule-pickup
├ ƒ /api/shipments/[id]/track
├ ƒ /api/shipments/bulk-create
├ ƒ /api/shipments/create
├ ƒ /api/shipments/tracking
├ ƒ /api/signature/cancel
├ ƒ /api/signature/local/save
├ ƒ /api/signature/send
├ ƒ /api/signature/status/[id]
├ ƒ /api/signature/webhook
├ ƒ /api/specsheet/approval
├ ƒ /api/specsheet/pdf
├ ƒ /api/specsheet/versions
├ ƒ /api/supabase-mcp/execute
├ ƒ /api/templates
├ ○ /archives
├ ○ /auth/error
├ ○ /auth/pending
├ ○ /auth/register
├ ○ /auth/signin
├ ○ /auth/signout
├ ○ /auth/suspended
├ ○ /b2b/contracts
├ ○ /b2b/login
├ ○ /b2b/register
├ ○ /b2b/register/sent
├ ○ /b2b/register/verify
├ ○ /cart
├ ○ /catalog
├ ● /catalog/[slug]
│ ├ /catalog/three-seal-001
│ ├ /catalog/stand-pouch-001
│ ├ /catalog/box-pouch-001
│ └ [+2 more paths]
├ ○ /compare
├ ○ /compare/shared
├ ○ /contact
├ ○ /contact/thank-you
├ ○ /csr
├ ○ /data-templates
├ ○ /design-system
├ ○ /flow
├ ○ /guide
├ ○ /guide/color
├ ○ /guide/environmentaldisplay
├ ○ /guide/image
├ ○ /guide/shirohan
├ ○ /guide/size
├ ○ /industry/cosmetics
├ ○ /industry/electronics
├ ○ /industry/food-manufacturing
├ ○ /industry/pharmaceutical
├ ○ /inquiry/detailed
├ ○ /legal
├ ƒ /member/dashboard
├ ○ /member/deliveries
├ ○ /member/edit
├ ○ /member/inquiries
├ ○ /member/invoices
├ ○ /member/orders
├ ƒ /member/orders/[id]
├ ƒ /member/orders/[id]/confirmation
├ ƒ /member/orders/[id]/data-receipt
├ ƒ /member/orders/history
├ ƒ /member/orders/new
├ ƒ /member/orders/reorder
├ ○ /member/profile
├ ○ /member/quotations
├ ƒ /member/quotations/[id]
├ ƒ /member/quotations/[id]/confirm
├ ○ /member/quotations/request
├ ○ /member/samples
├ ○ /member/settings
├ ○ /members
├ ○ /news
├ ƒ /portal
├ ƒ /portal/documents
├ ƒ /portal/orders
├ ƒ /portal/orders/[id]
├ ƒ /portal/profile
├ ƒ /portal/support
├ ○ /premium-content
├ ○ /pricing
├ ○ /print
├ ○ /privacy
├ ○ /profile
├ ○ /quote-simulator
├ ○ /robots.txt
├ ○ /roi-calculator
├ ○ /samples
├ ○ /samples/thank-you
├ ○ /service
├ ○ /simulation
├ ○ /sitemap.xml
├ ○ /smart-quote
└ ○ /terms


ƒ Proxy (Middleware)

○  (Static)   prerendered as static content
●  (SSG)      prerendered as static HTML (uses generateStaticParams)
ƒ  (Dynamic)  server-rendered on demand

